Foo Bar, xxxxx:
[36m> Lorem ipsum dolor sit amet, insolens adolescens ne usu? In pri denique[0m
[36m> argumentum, te autem decore convenire mea! Duo nisl esse an, aliquid[0m
[36m> conceptam sea cu. Ignota copiosae gubergren ad est, ut illum doming vocibus[0m
[36m> sed. Et vis nulla [35m`expetendis`[0m[36m mediocritatem, errem option gloriatur at nam?[0m
[36m> Brute vidisse corpora ut his, sonet omnesque adipiscing ea quo, cum ea errem[0m
[36m> aliquip reformidans?[0m

Magna delicatissimi ei vel? Quem petentium scribentur eum ne? Et inani debet
cetero mea, sint [35m`GR_VEC_API_DUMP()`[0m mel te. Qui ut senserit interesset, per
nibh petentium at! Sit docendi laboramus ei, animal insolens ad mea.

[35m```c[0m
[35mint main(void) {[0m
[35m        return 10000000000000000000000;[0m
[35m}[0m
[35m```[0m

Id vix referrentur philosophia, veri labores an nec. Noster denique no duo, sit
ei diam inermis vocibus! Mutat principes ex pro, at [4m]8;id=colorize-0;mailto:~rjarry/aerc-devel@lists.sr.ht\~rjarry/aerc-devel@lists.sr.ht]8;;\[0m.
Has putent [35m``rm -rf / &``[0m, tale electram duo at! Ei nulla lucilius intellegat
nam, pro quod epicuri dissentiet ut, omnis voluptatibus definitiones vim at
[[4m]8;id=colorize-1;irc://foo.bar\irc://foo.bar]8;;\[0m] <[4m]8;id=colorize-2;mailto:jeanpierre@foobaz.org\jeanpierre@foobaz.org]8;;\[0m>.

[4m]8;id=colorize-3;https://git-man-page-generator.lokaltog.net/#Y2xhcCQkY29tbWFuZA==\https://git-man-page-generator.lokaltog.net/#Y2xhcCQkY29tbWFuZA==]8;;\[0m

[35m```foo `bar` baz```[0m is an inline code block.

[2m-- [0m
[2mBatman[0m
